<html>
<body>
<pre>
<h1>礦ision Build Log</h1>
<h2>Project:</h2>
E:\STM32设计\BC28资料\BC26单模块资料\资料包\08_STM32代码\05_BC26接入阿里云发温湿度代码\USER\Test.uvproj
Project File Date:  07/02/2018

<h2>Output:</h2>
Build target 'Target 1'
linking...
Program Size: Code=15508 RO-data=796 RW-data=76 ZI-data=2172  
FromELF: creating hex file...
".\Test.axf" - 0 Errors, 0 Warning(s).
Load "E:\\STM32设计\\BC28资料\\BC26单模块资料\\资料包\\08_STM32代码\\05_BC26接入阿里云发温湿度代码\\USER\\Test.axf" 
Erase Done.
Programming Done.
Verify OK.
Application running ...
